// Jest Snapshot v1, https://goo.gl/fbAQLP

exports[`Should Footer render correctly 1`] = `
<footer
  className="footer container"
>
  <a
    href="/"
    onClick={[Function]}
  >
    <img
      alt="6 cities logo"
      className="footer__logo"
      height="33"
      src="img/logo.svg"
      width="64"
    />
  </a>
</footer>
`;
